00000000-0000-4000-8000-000000000000
00000000-0000-4000-8000-000000000000
1f2e3d4c-5b6a-4988-97a6-b5c4d3e2f17f
1f2e3d4c-5b6a-4988-97a6-b5c4d3e2f17f
