1f2e3d4c-5b6a-4988-97a6-b5c4d3e2f17f (version: 4 variant: 2) accepted as 1f2e3d4c-5b6a-4988-97a6-b5c4d3e2f17f
1f2e3d4c-5b6a-5988-97a6-b5c4d3e2f17f (version: 5 variant: 2) not accepted
1f2e3d4c-5b6a-4988-c7a6-b5c4d3e2f17f (version: 4 variant: 3) not accepted
1f2e3d4c-5b6a-4988-17a6-b5c4d3e2f17f (version: 4 variant: 0) not accepted
1f2e3d4c-5b6a-4988-47a6-b5c4d3e2f17f (version: 4 variant: 1) not accepted
1f2e3d4c-5b6a-4988-87a6-b5c4d3e2f17f (version: 4 variant: 2) accepted as 1f2e3d4c-5b6a-4988-87a6-b5c4d3e2f17f
